Warning: You are sending unauthenticated requests to the HF Hub. Please set a HF_TOKEN to enable higher rate limits and faster downloads.
GPU: NVIDIA RTX PRO 6000 Blackwell Server Edition  sm_120  | torch 2.13.0+cu130 cuda 13.0 | bf16=True
train 4629 | val 509 | test 1596 crop
pos_weight: {'helmet': 2.18, 'vest': 2.0, 'gloves': 1.0, 'boots': 4.63}
ep   1  loss 0.6305  val macro-F1 0.7406
ep   2  loss 0.3652  val macro-F1 0.7972
ep   3  loss 0.2845  val macro-F1 0.8132
ep   4  loss 0.2332  val macro-F1 0.8374
ep   5  loss 0.2035  val macro-F1 0.8368
ep   6  loss 0.1674  val macro-F1 0.8652
ep   7  loss 0.1401  val macro-F1 0.8680
ep   8  loss 0.1088  val macro-F1 0.8682
ep   9  loss 0.1118  val macro-F1 0.8791
ep  10  loss 0.0791  val macro-F1 0.8954
ep  11  loss 0.0763  val macro-F1 0.8871
ep  12  loss 0.0774  val macro-F1 0.8713
ep  13  loss 0.0599  val macro-F1 0.8930
ep  14  loss 0.0485  val macro-F1 0.8953
ep  15  loss 0.0367  val macro-F1 0.8843
ep  16  loss 0.0340  val macro-F1 0.8963
ep  17  loss 0.0347  val macro-F1 0.8944
ep  18  loss 0.0315  val macro-F1 0.8905
ep  19  loss 0.0260  val macro-F1 0.8901
ep  20  loss 0.0217  val macro-F1 0.8957
ep  21  loss 0.0219  val macro-F1 0.8963
ep  22  loss 0.0251  val macro-F1 0.8873
ep  23  loss 0.0220  val macro-F1 0.9008
ep  24  loss 0.0191  val macro-F1 0.9059
ep  25  loss 0.0167  val macro-F1 0.9014
ep  26  loss 0.0138  val macro-F1 0.9082
ep  27  loss 0.0134  val macro-F1 0.9071
ep  28  loss 0.0115  val macro-F1 0.9092
ep  29  loss 0.0137  val macro-F1 0.8960
ep  30  loss 0.0115  val macro-F1 0.9014
ep  31  loss 0.0113  val macro-F1 0.8991
ep  32  loss 0.0138  val macro-F1 0.8959
ep  33  loss 0.0120  val macro-F1 0.8999
ep  34  loss 0.0103  val macro-F1 0.8982
ep  35  loss 0.0081  val macro-F1 0.8933
ep  36  loss 0.0081  val macro-F1 0.9019
ep  37  loss 0.0082  val macro-F1 0.9012
ep  38  loss 0.0091  val macro-F1 0.9012
ep  39  loss 0.0100  val macro-F1 0.9002
ep  40  loss 0.0084  val macro-F1 0.9002
============================================
  TEST (Protocol 1 — oracle, crop từ box GT)
============================================
nhóm               P         R        F1
helmet        0.9135    0.9438    0.9284
vest          0.9346    0.9183    0.9264
gloves        0.7451    0.5163    0.6100
boots         0.4717    0.4274    0.4484
macro         0.7662    0.7014    0.7283
checkpoint: runs_ppe2/phase2_vit/best.pt
Đây là TRẦN TRÊN của pha 2. Số thật phải chạy evaluate.py (end-to-end).
