GPU: NVIDIA RTX PRO 6000 Blackwell Server Edition  sm_120  | torch 2.13.0+cu130 cuda 13.0 | bf16=True
train 4629 | val 509 | test 1596 crop
pos_weight: {'helmet': 2.18, 'vest': 2.0, 'gloves': 1.0, 'boots': 4.63}
Downloading: "https://download.pytorch.org/models/convnext_tiny-983f1562.pth" to /home/abc/.cache/torch/hub/checkpoints/convnext_tiny-983f1562.pth
  0%|          | 0.00/109M [00:00<?, ?B/s]
  7%|▋         | 7.75M/109M [00:00<00:01, 81.2MB/s]
 17%|█▋        | 18.8M/109M [00:00<00:00, 101MB/s] 
 27%|██▋       | 29.8M/109M [00:00<00:00, 107MB/s]
 37%|███▋      | 40.0M/109M [00:00<00:00, 104MB/s]
 48%|████▊     | 52.5M/109M [00:00<00:00, 113MB/s]
 58%|█████▊    | 63.4M/109M [00:00<00:00, 113MB/s]
 68%|██████▊   | 74.4M/109M [00:00<00:00, 113MB/s]
 78%|███████▊  | 85.4M/109M [00:00<00:00, 114MB/s]
 88%|████████▊ | 96.4M/109M [00:00<00:00, 114MB/s]
 98%|█████████▊| 107M/109M [00:01<00:00, 114MB/s] 
100%|██████████| 109M/109M [00:01<00:00, 111MB/s]
ep   1  loss 0.5961  val macro-F1 0.7771
ep   2  loss 0.3164  val macro-F1 0.8343
ep   3  loss 0.2279  val macro-F1 0.8460
ep   4  loss 0.1597  val macro-F1 0.8692
ep   5  loss 0.1209  val macro-F1 0.8723
ep   6  loss 0.0907  val macro-F1 0.8585
ep   7  loss 0.0779  val macro-F1 0.8938
ep   8  loss 0.0615  val macro-F1 0.8811
ep   9  loss 0.0474  val macro-F1 0.8860
ep  10  loss 0.0382  val macro-F1 0.8913
ep  11  loss 0.0377  val macro-F1 0.8892
ep  12  loss 0.0337  val macro-F1 0.8901
ep  13  loss 0.0344  val macro-F1 0.8613
ep  14  loss 0.0266  val macro-F1 0.9084
ep  15  loss 0.0254  val macro-F1 0.9053
ep  16  loss 0.0189  val macro-F1 0.9041
ep  17  loss 0.0142  val macro-F1 0.8923
ep  18  loss 0.0141  val macro-F1 0.8980
ep  19  loss 0.0148  val macro-F1 0.8963
ep  20  loss 0.0148  val macro-F1 0.8931
ep  21  loss 0.0150  val macro-F1 0.9005
ep  22  loss 0.0099  val macro-F1 0.8930
ep  23  loss 0.0081  val macro-F1 0.9016
ep  24  loss 0.0080  val macro-F1 0.9062
ep  25  loss 0.0096  val macro-F1 0.9039
ep  26  loss 0.0089  val macro-F1 0.9055
ep  27  loss 0.0082  val macro-F1 0.9018
ep  28  loss 0.0092  val macro-F1 0.9000
ep  29  loss 0.0076  val macro-F1 0.8996
ep  30  loss 0.0080  val macro-F1 0.8980
ep  31  loss 0.0060  val macro-F1 0.8995
ep  32  loss 0.0069  val macro-F1 0.9008
ep  33  loss 0.0072  val macro-F1 0.8977
ep  34  loss 0.0077  val macro-F1 0.9015
ep  35  loss 0.0068  val macro-F1 0.9054
ep  36  loss 0.0062  val macro-F1 0.8994
ep  37  loss 0.0076  val macro-F1 0.8994
ep  38  loss 0.0066  val macro-F1 0.8994
ep  39  loss 0.0062  val macro-F1 0.8994
ep  40  loss 0.0064  val macro-F1 0.8994
============================================
  TEST (Protocol 1 — oracle, crop từ box GT)
============================================
nhóm               P         R        F1
helmet        0.9274    0.9020    0.9145
vest          0.9559    0.8715    0.9118
gloves        0.7404    0.6821    0.7100
boots         0.5567    0.4615    0.5047
macro         0.7951    0.7293    0.7603
checkpoint: runs_ppe2/phase2_convnext/best.pt
Đây là TRẦN TRÊN của pha 2. Số thật phải chạy evaluate.py (end-to-end).
