GPU: NVIDIA RTX PRO 6000 Blackwell Server Edition  sm_120  | torch 2.13.0+cu130 cuda 13.0 | bf16=True
train 4629 | val 509 | test 1596 crop
pos_weight: {'helmet': 2.18, 'vest': 2.0, 'gloves': 1.0, 'boots': 4.63}
ep   1  loss 0.6261  val macro-F1 0.7837
ep   2  loss 0.3357  val macro-F1 0.8333
ep   3  loss 0.2241  val macro-F1 0.8521
ep   4  loss 0.1614  val macro-F1 0.8673
ep   5  loss 0.1229  val macro-F1 0.8911
ep   6  loss 0.0845  val macro-F1 0.8807
ep   7  loss 0.0621  val macro-F1 0.8761
ep   8  loss 0.0470  val macro-F1 0.8996
ep   9  loss 0.0490  val macro-F1 0.8702
ep  10  loss 0.0339  val macro-F1 0.8984
ep  11  loss 0.0266  val macro-F1 0.8882
ep  12  loss 0.0216  val macro-F1 0.8891
ep  13  loss 0.0244  val macro-F1 0.8839
ep  14  loss 0.0233  val macro-F1 0.8859
ep  15  loss 0.0218  val macro-F1 0.8941
ep  16  loss 0.0149  val macro-F1 0.8987
ep  17  loss 0.0163  val macro-F1 0.8896
ep  18  loss 0.0187  val macro-F1 0.8903
ep  19  loss 0.0132  val macro-F1 0.8897
ep  20  loss 0.0103  val macro-F1 0.8823
ep  21  loss 0.0101  val macro-F1 0.8898
ep  22  loss 0.0107  val macro-F1 0.8851
ep  23  loss 0.0088  val macro-F1 0.8881
ep  24  loss 0.0085  val macro-F1 0.8898
ep  25  loss 0.0095  val macro-F1 0.8828
ep  26  loss 0.0065  val macro-F1 0.8962
ep  27  loss 0.0066  val macro-F1 0.8959
ep  28  loss 0.0073  val macro-F1 0.8893
ep  29  loss 0.0063  val macro-F1 0.8924
ep  30  loss 0.0097  val macro-F1 0.8819
ep  31  loss 0.0054  val macro-F1 0.8910
ep  32  loss 0.0053  val macro-F1 0.8848
ep  33  loss 0.0069  val macro-F1 0.8913
ep  34  loss 0.0068  val macro-F1 0.8943
ep  35  loss 0.0055  val macro-F1 0.8934
ep  36  loss 0.0057  val macro-F1 0.8943
ep  37  loss 0.0049  val macro-F1 0.8923
ep  38  loss 0.0050  val macro-F1 0.8908
ep  39  loss 0.0057  val macro-F1 0.8924
ep  40  loss 0.0073  val macro-F1 0.8908

============================================
  TEST (Protocol 1 — oracle, crop từ box GT)
============================================
nhóm               P         R        F1
helmet        0.8815    0.9222    0.9014
vest          0.9484    0.8608    0.9025
gloves        0.7705    0.6114    0.6818
boots         0.4954    0.4615    0.4779
macro         0.7740    0.7140    0.7409

checkpoint: runs_ppe2/phase2_s2/best.pt
Đây là TRẦN TRÊN của pha 2. Số thật phải chạy evaluate.py (end-to-end).
