GPU: NVIDIA RTX PRO 6000 Blackwell Server Edition  sm_120  | torch 2.13.0+cu130 cuda 13.0 | bf16=True
train 4629 | val 509 | test 1596 crop
pos_weight: {'helmet': 2.18, 'vest': 2.0, 'gloves': 1.0, 'boots': 4.63}
ep   1  loss 0.5939  val macro-F1 0.7642
ep   2  loss 0.3254  val macro-F1 0.8185
ep   3  loss 0.2254  val macro-F1 0.8434
ep   4  loss 0.1564  val macro-F1 0.8642
ep   5  loss 0.1137  val macro-F1 0.8757
ep   6  loss 0.0793  val macro-F1 0.8624
ep   7  loss 0.0625  val macro-F1 0.8799
ep   8  loss 0.0508  val macro-F1 0.8648
ep   9  loss 0.0480  val macro-F1 0.8760
ep  10  loss 0.0383  val macro-F1 0.8740
ep  11  loss 0.0325  val macro-F1 0.8695
ep  12  loss 0.0272  val macro-F1 0.8829
ep  13  loss 0.0222  val macro-F1 0.8938
ep  14  loss 0.0201  val macro-F1 0.8879
ep  15  loss 0.0186  val macro-F1 0.8853
ep  16  loss 0.0182  val macro-F1 0.8483
ep  17  loss 0.0151  val macro-F1 0.8611
ep  18  loss 0.0119  val macro-F1 0.8782
ep  19  loss 0.0124  val macro-F1 0.8790
ep  20  loss 0.0110  val macro-F1 0.8641
ep  21  loss 0.0099  val macro-F1 0.8767
ep  22  loss 0.0103  val macro-F1 0.8692
ep  23  loss 0.0100  val macro-F1 0.8614
ep  24  loss 0.0091  val macro-F1 0.8653
ep  25  loss 0.0119  val macro-F1 0.8571
ep  26  loss 0.0079  val macro-F1 0.8735
ep  27  loss 0.0061  val macro-F1 0.8658
ep  28  loss 0.0073  val macro-F1 0.8754
ep  29  loss 0.0072  val macro-F1 0.8637
ep  30  loss 0.0070  val macro-F1 0.8677
ep  31  loss 0.0083  val macro-F1 0.8683
ep  32  loss 0.0063  val macro-F1 0.8682
ep  33  loss 0.0071  val macro-F1 0.8734
ep  34  loss 0.0057  val macro-F1 0.8764
ep  35  loss 0.0051  val macro-F1 0.8718
ep  36  loss 0.0055  val macro-F1 0.8710
ep  37  loss 0.0056  val macro-F1 0.8750
ep  38  loss 0.0051  val macro-F1 0.8701
ep  39  loss 0.0049  val macro-F1 0.8701
ep  40  loss 0.0050  val macro-F1 0.8701

============================================
  TEST (Protocol 1 — oracle, crop từ box GT)
============================================
nhóm               P         R        F1
helmet        0.9385    0.8790    0.9077
vest          0.9506    0.8246    0.8832
gloves        0.7298    0.7120    0.7208
boots         0.5730    0.4359    0.4951
macro         0.7980    0.7129    0.7517

checkpoint: runs_ppe2/phase2_s1/best.pt
Đây là TRẦN TRÊN của pha 2. Số thật phải chạy evaluate.py (end-to-end).
