val 509 crop | test 1596 crop

Chạy model trên val và test (mỗi tập một lượt)...

==============================================================
  BƯỚC 1 — Chọn ngưỡng trên tập VALIDATION
==============================================================
nhóm         ngưỡng    F1@val    F1@0.5     chênh
helmet         0.60    0.9477    0.9444   +0.0033
vest           0.30    0.9344    0.9297   +0.0047
gloves         0.50    0.8618    0.8618   +0.0000
boots          0.50    0.9091    0.9091   +0.0000

==============================================================
  BƯỚC 2 — Áp ngưỡng đã chọn lên tập TEST
==============================================================
nhóm        ngưỡng    P@0.5    R@0.5   F1@0.5    P_moi    R_moi   F1_moi    chênh
helmet        0.60   0.9512   0.8703   0.9090   0.9525   0.8660   0.9072  -0.0018
vest          0.30   0.9526   0.8876   0.9189   0.9494   0.9036   0.9259  +0.0070
gloves        0.50   0.7429   0.7065   0.7242   0.7429   0.7065   0.7242  +0.0000
boots         0.50   0.5888   0.5385   0.5625   0.5888   0.5385   0.5625  +0.0000
--------------------------------------------------------------
macro-F1                               0.7787                 

macro-F1:  0.5 chung 0.7787  ->  ngưỡng riêng 0.7800   (+0.0013)

Đã lưu: runs_ppe2/thresholds.json
